// Jest Snapshot v1, https://goo.gl/fbAQLP

exports[`<Header /> should render Header 1`] = `
<div>
  <header
    class="MuiPaper-root MuiAppBar-root MuiAppBar-positionStatic MuiAppBar-colorPrimary MuiPaper-elevation4"
    style="margin-bottom: 20px;"
  >
    <div
      class="MuiTabs-root"
    >
      <div
        class="MuiTabs-scroller MuiTabs-fixed"
        style="overflow: hidden;"
      >
        <div
          class="MuiTabs-flexContainer"
          role="tablist"
        >
          <button
            aria-selected="true"
            class="MuiButtonBase-root MuiTab-root MuiTab-textColorInherit Mui-selected"
            role="tab"
            tabindex="0"
            type="button"
          >
            <span
              class="MuiTab-wrapper"
            >
              Converter
            </span>
            <span
              class="MuiTouchRipple-root"
            />
          </button>
          <button
            aria-selected="false"
            class="MuiButtonBase-root MuiTab-root MuiTab-textColorInherit"
            role="tab"
            tabindex="-1"
            type="button"
          >
            <span
              class="MuiTab-wrapper"
            >
              Exchange Rates
            </span>
            <span
              class="MuiTouchRipple-root"
            />
          </button>
        </div>
        <span
          class="PrivateTabIndicator-root-1 PrivateTabIndicator-colorSecondary-3 MuiTabs-indicator"
          style="left: 0px; width: 0px;"
        />
      </div>
    </div>
  </header>
  <div
    class="MuiBox-root MuiBox-root-5"
  >
    <div
      role="tabpanel"
    >
      <div
        class="MuiBox-root MuiBox-root-6"
      >
        <h4
          class="MuiTypography-root MuiTypography-h4"
        >
          Currency converter
        </h4>
        <p
          class="MuiTypography-root MuiTypography-body1"
        >
          Please enter the amount to convert on any field
        </p>
        <p
          class="MuiTypography-root MuiTypography-body2 MuiTypography-colorSecondary"
        >
          Something went wrong. Please try again!
        </p>
        <div
          class="MuiGrid-root MuiGrid-container MuiGrid-spacing-xs-2 MuiGrid-align-items-xs-center MuiGrid-justify-xs-center"
        >
          <div
            class="MuiGrid-root MuiGrid-item MuiGrid-grid-xs-6"
          >
            <div
              class="MuiPaper-root MuiPaper-outlined"
              style="padding: 40px;"
            >
              <div
                class="MuiBox-root MuiBox-root-7"
              >
                <p
                  class="MuiTypography-root MuiTypography-body2"
                >
                  Currency
                </p>
                <div
                  aria-expanded="false"
                  class="MuiAutocomplete-root MuiAutocomplete-hasClearIcon MuiAutocomplete-hasPopupIcon"
                  role="combobox"
                  style="margin: 20px auto;"
                >
                  <div
                    class="MuiFormControl-root MuiTextField-root MuiFormControl-fullWidth"
                  >
                    <div
                      class="MuiInputBase-root MuiOutlinedInput-root MuiAutocomplete-inputRoot MuiInputBase-fullWidth MuiInputBase-formControl MuiInputBase-adornedEnd MuiOutlinedInput-adornedEnd"
                    >
                      <input
                        aria-autocomplete="list"
                        aria-invalid="false"
                        autocapitalize="none"
                        autocomplete="off"
                        class="MuiInputBase-input MuiOutlinedInput-input MuiAutocomplete-input MuiAutocomplete-inputFocused MuiInputBase-inputAdornedEnd MuiOutlinedInput-inputAdornedEnd"
                        id="mui-5644"
                        spellcheck="false"
                        type="text"
                        value=""
                      />
                      <div
                        class="MuiAutocomplete-endAdornment"
                      >
                        <button
                          aria-label="Clear"
                          class="MuiButtonBase-root MuiIconButton-root MuiAutocomplete-clearIndicator"
                          tabindex="-1"
                          title="Clear"
                          type="button"
                        >
                          <span
                            class="MuiIconButton-label"
                          >
                            <svg
                              aria-hidden="true"
                              class="MuiSvgIcon-root MuiSvgIcon-fontSizeSmall"
                              focusable="false"
                              viewBox="0 0 24 24"
                            >
                              <path
                                d="M19 6.41L17.59 5 12 10.59 6.41 5 5 6.41 10.59 12 5 17.59 6.41 19 12 13.41 17.59 19 19 17.59 13.41 12z"
                              />
                            </svg>
                          </span>
                          <span
                            class="MuiTouchRipple-root"
                          />
                        </button>
                        <button
                          aria-label="Open"
                          class="MuiButtonBase-root MuiIconButton-root MuiAutocomplete-popupIndicator"
                          tabindex="-1"
                          title="Open"
                          type="button"
                        >
                          <span
                            class="MuiIconButton-label"
                          >
                            <svg
                              aria-hidden="true"
                              class="MuiSvgIcon-root"
                              focusable="false"
                              viewBox="0 0 24 24"
                            >
                              <path
                                d="M7 10l5 5 5-5z"
                              />
                            </svg>
                          </span>
                          <span
                            class="MuiTouchRipple-root"
                          />
                        </button>
                      </div>
                      <fieldset
                        aria-hidden="true"
                        class="PrivateNotchedOutline-root-8 MuiOutlinedInput-notchedOutline"
                        style="padding-left: 8px;"
                      >
                        <legend
                          class="PrivateNotchedOutline-legend-9"
                          style="width: 0.01px;"
                        >
                          <span>
                            ​
                          </span>
                        </legend>
                      </fieldset>
                    </div>
                  </div>
                </div>
                <p
                  class="MuiTypography-root MuiTypography-body2"
                >
                  Enter amount
                </p>
                <div
                  class="MuiInputBase-root MuiOutlinedInput-root MuiInputBase-adornedEnd MuiOutlinedInput-adornedEnd"
                  style="margin: 20px auto; width: 100%;"
                >
                  <input
                    class="MuiInputBase-input MuiOutlinedInput-input MuiInputBase-inputAdornedEnd MuiOutlinedInput-inputAdornedEnd"
                    type="text"
                    value="0"
                  />
                  <div
                    class="MuiInputAdornment-root MuiInputAdornment-positionStart"
                  >
                    <p
                      class="MuiTypography-root MuiTypography-body1 MuiTypography-colorTextSecondary"
                    >
                      $
                    </p>
                  </div>
                  <fieldset
                    aria-hidden="true"
                    class="PrivateNotchedOutline-root-8 MuiOutlinedInput-notchedOutline"
                    style="padding-left: 8px;"
                  >
                    <legend
                      class="PrivateNotchedOutline-legend-9"
                      style="width: 0.01px;"
                    >
                      <span>
                        ​
                      </span>
                    </legend>
                  </fieldset>
                </div>
              </div>
            </div>
            <p
              class="MuiTypography-root MuiTypography-body1"
              style="margin: 20px 40px;"
            />
          </div>
          <div
            class="MuiGrid-root MuiGrid-item MuiGrid-grid-xs-6"
          >
            <div
              class="MuiPaper-root MuiPaper-outlined"
              style="padding: 40px;"
            >
              <div
                class="MuiBox-root MuiBox-root-12"
              >
                <p
                  class="MuiTypography-root MuiTypography-body2"
                >
                  Currency
                </p>
                <div
                  aria-expanded="false"
                  class="MuiAutocomplete-root MuiAutocomplete-hasClearIcon MuiAutocomplete-hasPopupIcon"
                  role="combobox"
                  style="margin: 20px auto;"
                >
                  <div
                    class="MuiFormControl-root MuiTextField-root MuiFormControl-fullWidth"
                  >
                    <div
                      class="MuiInputBase-root MuiOutlinedInput-root MuiAutocomplete-inputRoot MuiInputBase-fullWidth MuiInputBase-formControl MuiInputBase-adornedEnd MuiOutlinedInput-adornedEnd"
                    >
                      <input
                        aria-autocomplete="list"
                        aria-invalid="false"
                        autocapitalize="none"
                        autocomplete="off"
                        class="MuiInputBase-input MuiOutlinedInput-input MuiAutocomplete-input MuiAutocomplete-inputFocused MuiInputBase-inputAdornedEnd MuiOutlinedInput-inputAdornedEnd"
                        id="mui-70150"
                        spellcheck="false"
                        type="text"
                        value=""
                      />
                      <div
                        class="MuiAutocomplete-endAdornment"
                      >
                        <button
                          aria-label="Clear"
                          class="MuiButtonBase-root MuiIconButton-root MuiAutocomplete-clearIndicator"
                          tabindex="-1"
                          title="Clear"
                          type="button"
                        >
                          <span
                            class="MuiIconButton-label"
                          >
                            <svg
                              aria-hidden="true"
                              class="MuiSvgIcon-root MuiSvgIcon-fontSizeSmall"
                              focusable="false"
                              viewBox="0 0 24 24"
                            >
                              <path
                                d="M19 6.41L17.59 5 12 10.59 6.41 5 5 6.41 10.59 12 5 17.59 6.41 19 12 13.41 17.59 19 19 17.59 13.41 12z"
                              />
                            </svg>
                          </span>
                          <span
                            class="MuiTouchRipple-root"
                          />
                        </button>
                        <button
                          aria-label="Open"
                          class="MuiButtonBase-root MuiIconButton-root MuiAutocomplete-popupIndicator"
                          tabindex="-1"
                          title="Open"
                          type="button"
                        >
                          <span
                            class="MuiIconButton-label"
                          >
                            <svg
                              aria-hidden="true"
                              class="MuiSvgIcon-root"
                              focusable="false"
                              viewBox="0 0 24 24"
                            >
                              <path
                                d="M7 10l5 5 5-5z"
                              />
                            </svg>
                          </span>
                          <span
                            class="MuiTouchRipple-root"
                          />
                        </button>
                      </div>
                      <fieldset
                        aria-hidden="true"
                        class="PrivateNotchedOutline-root-8 MuiOutlinedInput-notchedOutline"
                        style="padding-left: 8px;"
                      >
                        <legend
                          class="PrivateNotchedOutline-legend-9"
                          style="width: 0.01px;"
                        >
                          <span>
                            ​
                          </span>
                        </legend>
                      </fieldset>
                    </div>
                  </div>
                </div>
                <p
                  class="MuiTypography-root MuiTypography-body2"
                >
                  Enter amount
                </p>
                <div
                  class="MuiInputBase-root MuiOutlinedInput-root MuiInputBase-adornedEnd MuiOutlinedInput-adornedEnd"
                  style="margin: 20px auto; width: 100%;"
                >
                  <input
                    class="MuiInputBase-input MuiOutlinedInput-input MuiInputBase-inputAdornedEnd MuiOutlinedInput-inputAdornedEnd"
                    type="text"
                    value="0"
                  />
                  <div
                    class="MuiInputAdornment-root MuiInputAdornment-positionStart"
                  >
                    <p
                      class="MuiTypography-root MuiTypography-body1 MuiTypography-colorTextSecondary"
                    >
                      $
                    </p>
                  </div>
                  <fieldset
                    aria-hidden="true"
                    class="PrivateNotchedOutline-root-8 MuiOutlinedInput-notchedOutline"
                    style="padding-left: 8px;"
                  >
                    <legend
                      class="PrivateNotchedOutline-legend-9"
                      style="width: 0.01px;"
                    >
                      <span>
                        ​
                      </span>
                    </legend>
                  </fieldset>
                </div>
              </div>
            </div>
            <p
              class="MuiTypography-root MuiTypography-body1"
              style="margin: 20px 40px;"
            />
          </div>
        </div>
      </div>
    </div>
    <div
      hidden=""
      role="tabpanel"
    >
      <div
        class="MuiBox-root MuiBox-root-15"
      >
        <div
          class="MuiPaper-root MuiTableContainer-root makeStyles-container-13 MuiPaper-elevation1 MuiPaper-rounded"
        >
          <h6
            class="MuiTypography-root MuiTypography-h6 MuiTypography-colorSecondary MuiTypography-alignCenter"
          >
            Something went wrong. Please try again!
          </h6>
          <h6
            class="MuiTypography-root MuiTypography-h6 MuiTypography-alignCenter"
          >
            No Item Found.
          </h6>
          <table
            aria-label="simple table"
            class="MuiTable-root makeStyles-table-14 MuiTable-stickyHeader"
          >
            <thead
              class="MuiTableHead-root"
              elevation="4"
            >
              <tr
                class="MuiTableRow-root MuiTableRow-head"
              >
                <th
                  class="MuiTableCell-root MuiTableCell-head MuiTableCell-stickyHeader"
                  scope="col"
                >
                  Currency
                </th>
                <th
                  class="MuiTableCell-root MuiTableCell-head MuiTableCell-alignCenter MuiTableCell-stickyHeader"
                  scope="col"
                >
                  Currency Name
                </th>
                <th
                  class="MuiTableCell-root MuiTableCell-head MuiTableCell-alignRight MuiTableCell-stickyHeader"
                  scope="col"
                >
                  Exchange Rate = 1 USD
                </th>
              </tr>
            </thead>
            <tbody
              class="MuiTableBody-root"
            >
              <tr
                class="MuiTableRow-root"
              >
                <td
                  class="MuiTableCell-root MuiTableCell-body MuiTableCell-alignCenter"
                >
                  -
                </td>
                <td
                  class="MuiTableCell-root MuiTableCell-body MuiTableCell-alignCenter"
                >
                  -
                </td>
                <td
                  class="MuiTableCell-root MuiTableCell-body MuiTableCell-alignCenter"
                >
                  -
                </td>
              </tr>
            </tbody>
          </table>
        </div>
      </div>
    </div>
  </div>
</div>
`;
